latinmodern-math.otf:/dvi-viewer/fonts
lmmono10-italic.otf:/dvi-viewer/fonts
lmmono10-regular.otf:/dvi-viewer/fonts
lmmono12-regular.otf:/dvi-viewer/fonts
lmmono8-regular.otf:/dvi-viewer/fonts
lmmono9-regular.otf:/dvi-viewer/fonts
lmmonocaps10-oblique.otf:/dvi-viewer/fonts
lmmonocaps10-regular.otf:/dvi-viewer/fonts
lmmonolt10-boldoblique.otf:/dvi-viewer/fonts
lmmonolt10-bold.otf:/dvi-viewer/fonts
lmmonolt10-oblique.otf:/dvi-viewer/fonts
lmmonolt10-regular.otf:/dvi-viewer/fonts
lmmonoltcond10-oblique.otf:/dvi-viewer/fonts
lmmonoltcond10-regular.otf:/dvi-viewer/fonts
lmmonoprop10-oblique.otf:/dvi-viewer/fonts
lmmonoprop10-regular.otf:/dvi-viewer/fonts
lmmonoproplt10-boldoblique.otf:/dvi-viewer/fonts
lmmonoproplt10-bold.otf:/dvi-viewer/fonts
lmmonoproplt10-oblique.otf:/dvi-viewer/fonts
lmmonoproplt10-regular.otf:/dvi-viewer/fonts
lmmonoslant10-regular.otf:/dvi-viewer/fonts
lmroman10-bolditalic.otf:/dvi-viewer/fonts
lmroman10-bold.otf:/dvi-viewer/fonts
lmroman10-italic.otf:/dvi-viewer/fonts
lmroman10-regular.otf:/dvi-viewer/fonts
lmroman12-bold.otf:/dvi-viewer/fonts
lmroman12-italic.otf:/dvi-viewer/fonts
lmroman12-regular.otf:/dvi-viewer/fonts
lmroman17-regular.otf:/dvi-viewer/fonts
lmroman5-bold.otf:/dvi-viewer/fonts
lmroman5-regular.otf:/dvi-viewer/fonts
lmroman6-bold.otf:/dvi-viewer/fonts
lmroman6-regular.otf:/dvi-viewer/fonts
lmroman7-bold.otf:/dvi-viewer/fonts
lmroman7-italic.otf:/dvi-viewer/fonts
lmroman7-regular.otf:/dvi-viewer/fonts
lmroman8-bold.otf:/dvi-viewer/fonts
lmroman8-italic.otf:/dvi-viewer/fonts
lmroman8-regular.otf:/dvi-viewer/fonts
lmroman9-bold.otf:/dvi-viewer/fonts
lmroman9-italic.otf:/dvi-viewer/fonts
lmroman9-regular.otf:/dvi-viewer/fonts
lmromancaps10-oblique.otf:/dvi-viewer/fonts
lmromancaps10-regular.otf:/dvi-viewer/fonts
lmromandemi10-oblique.otf:/dvi-viewer/fonts
lmromandemi10-regular.otf:/dvi-viewer/fonts
lmromandunh10-oblique.otf:/dvi-viewer/fonts
lmromandunh10-regular.otf:/dvi-viewer/fonts
lmromanslant10-bold.otf:/dvi-viewer/fonts
lmromanslant10-regular.otf:/dvi-viewer/fonts
lmromanslant12-regular.otf:/dvi-viewer/fonts
lmromanslant17-regular.otf:/dvi-viewer/fonts
lmromanslant8-regular.otf:/dvi-viewer/fonts
lmromanslant9-regular.otf:/dvi-viewer/fonts
lmromanunsl10-regular.otf:/dvi-viewer/fonts
lmsans10-boldoblique.otf:/dvi-viewer/fonts
lmsans10-bold.otf:/dvi-viewer/fonts
lmsans10-oblique.otf:/dvi-viewer/fonts
lmsans10-regular.otf:/dvi-viewer/fonts
lmsans12-oblique.otf:/dvi-viewer/fonts
lmsans12-regular.otf:/dvi-viewer/fonts
lmsans17-oblique.otf:/dvi-viewer/fonts
lmsans17-regular.otf:/dvi-viewer/fonts
lmsans8-oblique.otf:/dvi-viewer/fonts
lmsans8-regular.otf:/dvi-viewer/fonts
lmsans9-oblique.otf:/dvi-viewer/fonts
lmsans9-regular.otf:/dvi-viewer/fonts
lmsansdemicond10-oblique.otf:/dvi-viewer/fonts
lmsansdemicond10-regular.otf:/dvi-viewer/fonts
lmsansquot8-boldoblique.otf:/dvi-viewer/fonts
lmsansquot8-bold.otf:/dvi-viewer/fonts
lmsansquot8-oblique.otf:/dvi-viewer/fonts
lmsansquot8-regular.otf:/dvi-viewer/fonts
