latinmodern-math.otf:/fonts
lmmono10-italic.otf:/fonts
lmmono10-regular.otf:/fonts
lmmono12-regular.otf:/fonts
lmmono8-regular.otf:/fonts
lmmono9-regular.otf:/fonts
lmmonocaps10-oblique.otf:/fonts
lmmonocaps10-regular.otf:/fonts
lmmonolt10-boldoblique.otf:/fonts
lmmonolt10-bold.otf:/fonts
lmmonolt10-oblique.otf:/fonts
lmmonolt10-regular.otf:/fonts
lmmonoltcond10-oblique.otf:/fonts
lmmonoltcond10-regular.otf:/fonts
lmmonoprop10-oblique.otf:/fonts
lmmonoprop10-regular.otf:/fonts
lmmonoproplt10-boldoblique.otf:/fonts
lmmonoproplt10-bold.otf:/fonts
lmmonoproplt10-oblique.otf:/fonts
lmmonoproplt10-regular.otf:/fonts
lmmonoslant10-regular.otf:/fonts
lmroman10-bolditalic.otf:/fonts
lmroman10-bold.otf:/fonts
lmroman10-italic.otf:/fonts
lmroman10-regular.otf:/fonts
lmroman12-bold.otf:/fonts
lmroman12-italic.otf:/fonts
lmroman12-regular.otf:/fonts
lmroman17-regular.otf:/fonts
lmroman5-bold.otf:/fonts
lmroman5-regular.otf:/fonts
lmroman6-bold.otf:/fonts
lmroman6-regular.otf:/fonts
lmroman7-bold.otf:/fonts
lmroman7-italic.otf:/fonts
lmroman7-regular.otf:/fonts
lmroman8-bold.otf:/fonts
lmroman8-italic.otf:/fonts
lmroman8-regular.otf:/fonts
lmroman9-bold.otf:/fonts
lmroman9-italic.otf:/fonts
lmroman9-regular.otf:/fonts
lmromancaps10-oblique.otf:/fonts
lmromancaps10-regular.otf:/fonts
lmromandemi10-oblique.otf:/fonts
lmromandemi10-regular.otf:/fonts
lmromandunh10-oblique.otf:/fonts
lmromandunh10-regular.otf:/fonts
lmromanslant10-bold.otf:/fonts
lmromanslant10-regular.otf:/fonts
lmromanslant12-regular.otf:/fonts
lmromanslant17-regular.otf:/fonts
lmromanslant8-regular.otf:/fonts
lmromanslant9-regular.otf:/fonts
lmromanunsl10-regular.otf:/fonts
lmsans10-boldoblique.otf:/fonts
lmsans10-bold.otf:/fonts
lmsans10-oblique.otf:/fonts
lmsans10-regular.otf:/fonts
lmsans12-oblique.otf:/fonts
lmsans12-regular.otf:/fonts
lmsans17-oblique.otf:/fonts
lmsans17-regular.otf:/fonts
lmsans8-oblique.otf:/fonts
lmsans8-regular.otf:/fonts
lmsans9-oblique.otf:/fonts
lmsans9-regular.otf:/fonts
lmsansdemicond10-oblique.otf:/fonts
lmsansdemicond10-regular.otf:/fonts
lmsansquot8-boldoblique.otf:/fonts
lmsansquot8-bold.otf:/fonts
lmsansquot8-oblique.otf:/fonts
lmsansquot8-regular.otf:/fonts
